// Jest Snapshot v1, https://goo.gl/fbAQLP

exports[`renders App 1`] = `
Object {
  "asFragment": [Function],
  "baseElement": <body>
    <div>
      <div>
        <header>
          <nav>
            <div
              id="logo"
            >
              <div
                class="logoImage"
              />
              <div
                class="logoText"
              >
                 Space Travelers'Hub
              </div>
            </div>
            <div
              class="navItems"
            >
              <ul
                class="navLinks"
              >
                <li>
                  <a
                    activeclassname="active"
                    aria-current="page"
                    class="active"
                    href="/"
                  >
                    Rockets
                  </a>
                </li>
                <li>
                  <a
                    activeclassname="active"
                    class=""
                    href="/mission"
                  >
                    Missions
                  </a>
                </li>
                <li>
                  <a
                    activeclassname="active"
                    class=""
                    href="/myprofile"
                  >
                    | My Profile
                  </a>
                </li>
              </ul>
            </div>
          </nav>
        </header>
      </div>
    </div>
  </body>,
  "container": <div>
    <div>
      <header>
        <nav>
          <div
            id="logo"
          >
            <div
              class="logoImage"
            />
            <div
              class="logoText"
            >
               Space Travelers'Hub
            </div>
          </div>
          <div
            class="navItems"
          >
            <ul
              class="navLinks"
            >
              <li>
                <a
                  activeclassname="active"
                  aria-current="page"
                  class="active"
                  href="/"
                >
                  Rockets
                </a>
              </li>
              <li>
                <a
                  activeclassname="active"
                  class=""
                  href="/mission"
                >
                  Missions
                </a>
              </li>
              <li>
                <a
                  activeclassname="active"
                  class=""
                  href="/myprofile"
                >
                  | My Profile
                </a>
              </li>
            </ul>
          </div>
        </nav>
      </header>
    </div>
  </div>,
  "debug": [Function],
  "findAllByAltText": [Function],
  "findAllByDisplayValue": [Function],
  "findAllByLabelText": [Function],
  "findAllByPlaceholderText": [Function],
  "findAllByRole": [Function],
  "findAllByTestId": [Function],
  "findAllByText": [Function],
  "findAllByTitle": [Function],
  "findByAltText": [Function],
  "findByDisplayValue": [Function],
  "findByLabelText": [Function],
  "findByPlaceholderText": [Function],
  "findByRole": [Function],
  "findByTestId": [Function],
  "findByText": [Function],
  "findByTitle": [Function],
  "getAllByAltText": [Function],
  "getAllByDisplayValue": [Function],
  "getAllByLabelText": [Function],
  "getAllByPlaceholderText": [Function],
  "getAllByRole": [Function],
  "getAllByTestId": [Function],
  "getAllByText": [Function],
  "getAllByTitle": [Function],
  "getByAltText": [Function],
  "getByDisplayValue": [Function],
  "getByLabelText": [Function],
  "getByPlaceholderText": [Function],
  "getByRole": [Function],
  "getByTestId": [Function],
  "getByText": [Function],
  "getByTitle": [Function],
  "queryAllByAltText": [Function],
  "queryAllByDisplayValue": [Function],
  "queryAllByLabelText": [Function],
  "queryAllByPlaceholderText": [Function],
  "queryAllByRole": [Function],
  "queryAllByTestId": [Function],
  "queryAllByText": [Function],
  "queryAllByTitle": [Function],
  "queryByAltText": [Function],
  "queryByDisplayValue": [Function],
  "queryByLabelText": [Function],
  "queryByPlaceholderText": [Function],
  "queryByRole": [Function],
  "queryByTestId": [Function],
  "queryByText": [Function],
  "queryByTitle": [Function],
  "rerender": [Function],
  "unmount": [Function],
}
`;
