// Jest Snapshot v1, https://goo.gl/fbAQLP

exports[`Test Rocket component renders correctly 1`] = `null`;
